// Jest Snapshot v1, https://goo.gl/fbAQLP

exports[`<ProductDetail> should render correctly 1`] = `
<div>
  <div
    class="page_container"
  >
    <div
      class="page_search"
    >
      <div
        class="search_container"
        data-testid="search-component-test-id"
      >
        <div
          class="search_logo"
        >
          <img
            alt="MercadoLibre_logo"
            class="search_logo_img"
            data-testid="meli-logo-test-id"
            src="Logo_ML.png"
          />
        </div>
        <div
          class="search_form"
        >
          <form
            aria-label="form"
            class="search_form_row"
          >
            <input
              autocomplete="off"
              class="input-text"
              name="searchText"
              placeholder="Nunca dejes de buscar"
              type="text"
              value="remera"
            />
            <button
              class="search_button"
              type="submit"
            >
              <div>
                <img
                  alt="Logotipo Buen Sabor"
                  class="search_img"
                  src="ic_Search.png"
                />
              </div>
            </button>
          </form>
        </div>
      </div>
    </div>
    <div
      class="page_breadcrumbs"
    >
      <ul
        class="breadcrumbs_ul"
        data-testid="breadcrumbs-component-test-id"
      >
        <li
          class="breadcrumbs_li"
        >
          <span
            class="breadcrumbs_item"
          >
            comida
          </span>
        </li>
        <li
          class="breadcrumbs_li"
        >
          <span
            class="breadcrumbs_item_bold"
          >
            postre
          </span>
        </li>
      </ul>
    </div>
    <div
      class="page_content"
    >
      <div
        class="productdetail_firstColumn"
      >
        <img
          alt="title_data"
          class="cardItem_img_detail"
          data-testid="item-detail-img-test-id"
          src="picture_data"
        />
      </div>
      <div
        class="productdetail_secondColumn"
      >
        <div
          class="productdetail_condition_sold_quantity"
        >
          <span>
            Nuevo - 500 vendidos
          </span>
        </div>
        <div
          class="productdetail_title"
        >
          <span>
            title_data
          </span>
        </div>
        <div
          class="productdetail_amount"
        >
          <span>
            $ 
            110
          </span>
          <span
            class="productdetail_amount_decimals"
          >
            50
          </span>
        </div>
        <div
          class="productdetail_btn"
        >
          <button
            class="button_buy"
            data-testid="button-test-id"
          >
            Confirmar
          </button>
        </div>
      </div>
      <div
        class="productdetail_second_row"
      >
        <div
          class="productdetail_description_title"
        >
          <span>
            Descripcion del producto
          </span>
        </div>
        <div
          class="productdetail_description"
        >
          <span>
            description_data
          </span>
        </div>
      </div>
    </div>
  </div>
</div>
`;
